// Jest Snapshot v1, https://goo.gl/fbAQLP

exports[`Form should match snapshot with correct data passing through 1`] = `
<section
  className="form"
>
  <h1
    className="form_title"
  >
    National Parks Directory
  </h1>
  <h2
    className="form_text"
  >
    Select State:
  </h2>
  <input
    className="form_input"
    maxLength="2"
    onChange={[Function]}
    type="text"
  />
  <h2 />
  <div
    to="/parks"
  >
    <button
      onClick={[Function]}
    >
      Submit
    </button>
  </div>
</section>
`;
